ADMIN@DESKTOP-AR47RD9 MINGW64 ~/Documents
$ git clone https://github.com/NguyenYenNhi-25174600083-DHKL19A4HN/25174600083_NguyenYenNhi.git
Cloning into '25174600083_NguyenYenNhi'...
remote: Enumerating objects: 6, done.
remote: Counting objects: 100% (6/6), done.
remote: Compressing objects: 100% (3/3), done.
remote: Total 6 (delta 0), reused 0 (delta 0), pack-reused 0 (from 0)
Receiving objects: 100% (6/6), done.

ADMIN@DESKTOP-AR47RD9 MINGW64 ~/Documents
$ cd 25174600083_NguyenYenNhi

ADMIN@DESKTOP-AR47RD9 MINGW64 ~/Documents/25174600083_NguyenYenNhi (main)
$ echo "Lorem ipsum dolor sit amet, consectetur adipiscing elit. Integerur, eros at
lacinia suscipit, magna turpis aliquam est, sit amet aliquam quam liberoUt vel
placerat risus. Sed tempor in ex vitae sodales. Donec et tempor orci. Ina
viverra sagittis. Vestibulum risus ante, molestie ac eros efficitur, bibncidunt
turpis. In sit amet tortor gravida, ultricies ante vitae, varius tortor. finibus
porta nulla sed gravida. Aliquam ultricies dapibus ante eget molestie. Ibitasse
platea dictumst. Aliquam aliquam enim at massa pharetra, et vestibulum s
consequat. Donec accumsan quis metus at pellentesque. Morbi quis felis p
interdum justo a, aliquam risus."
Lorem ipsum dolor sit amet, consectetur adipiscing elit. Integerur, eros at
lacinia suscipit, magna turpis aliquam est, sit amet aliquam quam liberoUt vel
placerat risus. Sed tempor in ex vitae sodales. Donec et tempor orci. Ina
viverra sagittis. Vestibulum risus ante, molestie ac eros efficitur, bibncidunt
turpis. In sit amet tortor gravida, ultricies ante vitae, varius tortor. finibus
porta nulla sed gravida. Aliquam ultricies dapibus ante eget molestie. Ibitasse
platea dictumst. Aliquam aliquam enim at massa pharetra, et vestibulum s
consequat. Donec accumsan quis metus at pellentesque. Morbi quis felis p
interdum justo a, aliquam risus.

ADMIN@DESKTOP-AR47RD9 MINGW64 ~/Documents/25174600083_NguyenYenNhi (main)
$ git add .

ADMIN@DESKTOP-AR47RD9 MINGW64 ~/Documents/25174600083_NguyenYenNhi (main)
$ git commit -m "Chỉnh sửa README.md lần đầu"
On branch main
Your branch is up to date with 'origin/main'.

nothing to commit, working tree clean

ADMIN@DESKTOP-AR47RD9 MINGW64 ~/Documents/25174600083_NguyenYenNhi (main)
$ git push origin main
Everything up-to-date

ADMIN@DESKTOP-AR47RD9 MINGW64 ~/Documents/25174600083_NguyenYenNhi (main)
$ git checkout main
Already on 'main'
Your branch is up to date with 'origin/main'.

ADMIN@DESKTOP-AR47RD9 MINGW64 ~/Documents/25174600083_NguyenYenNhi (main)
$ git checkout -b branch_1
Switched to a new branch 'branch_1'

ADMIN@DESKTOP-AR47RD9 MINGW64 ~/Documents/25174600083_NguyenYenNhi (branch_1)
$ echo "Lorem ipsum dolor sit amet, consectetur adipiscing elit." > text_branch_1.txt

ADMIN@DESKTOP-AR47RD9 MINGW64 ~/Documents/25174600083_NguyenYenNhi (branch_1)
$ git add text_branch_1.txt
warning: in the working copy of 'text_branch_1.txt', LF will be replaced by CRLF
 the next time Git touches it

ADMIN@DESKTOP-AR47RD9 MINGW64 ~/Documents/25174600083_NguyenYenNhi (branch_1)
$ git commit -m "Thên file text_branch_1.txt"
[branch_1 6eb4488] Thên file text_branch_1.txt
 1 file changed, 1 insertion(+)
 create mode 100644 text_branch_1.txt

ADMIN@DESKTOP-AR47RD9 MINGW64 ~/Documents/25174600083_NguyenYenNhi (branch_1)
$ git push origin branch_1
Enumerating objects: 4, done.
Counting objects: 100% (4/4), done.
Delta compression using up to 8 threads
Compressing objects: 100% (3/3), done.
Writing objects: 100% (3/3), 356 bytes | 356.00 KiB/s, done.
Total 3 (delta 0), reused 0 (delta 0), pack-reused 0 (from 0)
remote:
remote: Create a pull request for 'branch_1' on GitHub by visiting:
remote:      https://github.com/NguyenYenNhi-25174600083-DHKL19A4HN/25174600083_
NguyenYenNhi/pull/new/branch_1
remote:
To https://github.com/NguyenYenNhi-25174600083-DHKL19A4HN/25174600083_NguyenYenN
hi.git
 * [new branch]      branch_1 -> branch_1

ADMIN@DESKTOP-AR47RD9 MINGW64 ~/Documents/25174600083_NguyenYenNhi (branch_1)
$ git checkout main
Switched to branch 'main'
Your branch is up to date with 'origin/main'.

ADMIN@DESKTOP-AR47RD9 MINGW64 ~/Documents/25174600083_NguyenYenNhi (main)
$ git checkout -b branch_2
Switched to a new branch 'branch_2'

ADMIN@DESKTOP-AR47RD9 MINGW64 ~/Documents/25174600083_NguyenYenNhi (branch_2)
$ echo "Praesent ullamcorper orci eu erat placerat sodales." > text_branch_2.txt

ADMIN@DESKTOP-AR47RD9 MINGW64 ~/Documents/25174600083_NguyenYenNhi (branch_2)
$ git add text_branch_2.txt
warning: in the working copy of 'text_branch_2.txt', LF will be replaced by CRLF
 the next time Git touches it

ADMIN@DESKTOP-AR47RD9 MINGW64 ~/Documents/25174600083_NguyenYenNhi (branch_2)
$ git commit -m "Thên file text_branch_2.txt"
[branch_2 570e719] Thên file text_branch_2.txt
 1 file changed, 1 insertion(+)
 create mode 100644 text_branch_2.txt

ADMIN@DESKTOP-AR47RD9 MINGW64 ~/Documents/25174600083_NguyenYenNhi (branch_2)
$ git push origin branch_2
Enumerating objects: 4, done.
Counting objects: 100% (4/4), done.
Delta compression using up to 8 threads
Compressing objects: 100% (3/3), done.
Writing objects: 100% (3/3), 350 bytes | 350.00 KiB/s, done.
Total 3 (delta 0), reused 0 (delta 0), pack-reused 0 (from 0)
remote:
remote: Create a pull request for 'branch_2' on GitHub by visiting:
remote:      https://github.com/NguyenYenNhi-25174600083-DHKL19A4HN/25174600083_
NguyenYenNhi/pull/new/branch_2
remote:
To https://github.com/NguyenYenNhi-25174600083-DHKL19A4HN/25174600083_NguyenYenN
hi.git
 * [new branch]      branch_2 -> branch_2

ADMIN@DESKTOP-AR47RD9 MINGW64 ~/Documents/25174600083_NguyenYenNhi (branch_2)
$ git checkout main
Switched to branch 'main'
Your branch is up to date with 'origin/main'.

ADMIN@DESKTOP-AR47RD9 MINGW64 ~/Documents/25174600083_NguyenYenNhi (main)
$ git checkout -b branch_3
Switched to a new branch 'branch_3'

ADMIN@DESKTOP-AR47RD9 MINGW64 ~/Documents/25174600083_NguyenYenNhi (branch_3)
$ echo "Integer sit amet nisi aliquam, tempor libero quis, cursus erat." > text_branch_3.txt

ADMIN@DESKTOP-AR47RD9 MINGW64 ~/Documents/25174600083_NguyenYenNhi (branch_3)
$ git add text_branch_3.txt
warning: in the working copy of 'text_branch_3.txt', LF will be replaced by CRLF
 the next time Git touches it

ADMIN@DESKTOP-AR47RD9 MINGW64 ~/Documents/25174600083_NguyenYenNhi (branch_3)
$ git commit -m "Thêm file text_branch_3.txt"
[branch_3 5efc344] Thêm file text_branch_3.txt
 1 file changed, 1 insertion(+)
 create mode 100644 text_branch_3.txt

ADMIN@DESKTOP-AR47RD9 MINGW64 ~/Documents/25174600083_NguyenYenNhi (branch_3)
$ git push origin branch_3
Enumerating objects: 4, done.
Counting objects: 100% (4/4), done.
Delta compression using up to 8 threads
Compressing objects: 100% (3/3), done.
Writing objects: 100% (3/3), 359 bytes | 359.00 KiB/s, done.
Total 3 (delta 0), reused 0 (delta 0), pack-reused 0 (from 0)
remote:
remote: Create a pull request for 'branch_3' on GitHub by visiting:
remote:      https://github.com/NguyenYenNhi-25174600083-DHKL19A4HN/25174600083_
NguyenYenNhi/pull/new/branch_3
remote:
To https://github.com/NguyenYenNhi-25174600083-DHKL19A4HN/25174600083_NguyenYenN
hi.git
 * [new branch]      branch_3 -> branch_3

ADMIN@DESKTOP-AR47RD9 MINGW64 ~/Documents/25174600083_NguyenYenNhi (branch_3)
$ git checkout main
Switched to branch 'main'
Your branch is up to date with 'origin/main'.

ADMIN@DESKTOP-AR47RD9 MINGW64 ~/Documents/25174600083_NguyenYenNhi (main)
$ git checkout -b branch_4
Switched to a new branch 'branch_4'

ADMIN@DESKTOP-AR47RD9 MINGW64 ~/Documents/25174600083_NguyenYenNhi (branch_4)
$ echo "Cras ac mi nec nisi porta ultrices sed non ante." > text_branch_4.txt

ADMIN@DESKTOP-AR47RD9 MINGW64 ~/Documents/25174600083_NguyenYenNhi (branch_4)
$ git add text_branch_4.txt
warning: in the working copy of 'text_branch_4.txt', LF will be replaced by CRLF
 the next time Git touches it

ADMIN@DESKTOP-AR47RD9 MINGW64 ~/Documents/25174600083_NguyenYenNhi (branch_4)
$ git commit -m "Thêm file text_branch_4.txt"
[branch_4 46f0189] Thêm file text_branch_4.txt
 1 file changed, 1 insertion(+)
 create mode 100644 text_branch_4.txt

ADMIN@DESKTOP-AR47RD9 MINGW64 ~/Documents/25174600083_NguyenYenNhi (branch_4)
$ git push origin branch_4
Enumerating objects: 4, done.
Counting objects: 100% (4/4), done.
Delta compression using up to 8 threads
Compressing objects: 100% (2/2), done.
Writing objects: 100% (3/3), 351 bytes | 351.00 KiB/s, done.
Total 3 (delta 0), reused 0 (delta 0), pack-reused 0 (from 0)
remote:
remote: Create a pull request for 'branch_4' on GitHub by visiting:
remote:      https://github.com/NguyenYenNhi-25174600083-DHKL19A4HN/25174600083_
NguyenYenNhi/pull/new/branch_4
remote:
To https://github.com/NguyenYenNhi-25174600083-DHKL19A4HN/25174600083_NguyenYenN
hi.git
 * [new branch]      branch_4 -> branch_4

ADMIN@DESKTOP-AR47RD9 MINGW64 ~/Documents/25174600083_NguyenYenNhi (branch_4)
$ git checkout main
Switched to branch 'main'
Your branch is up to date with 'origin/main'.

ADMIN@DESKTOP-AR47RD9 MINGW64 ~/Documents/25174600083_NguyenYenNhi (main)
$ git branch --delete branch_4
error: the branch 'branch_4' is not fully merged
hint: If you are sure you want to delete it, run 'git branch -D branch_4'
hint: Disable this message with "git config set advice.forceDeleteBranch false"

ADMIN@DESKTOP-AR47RD9 MINGW64 ~/Documents/25174600083_NguyenYenNhi (main)
$ git branch -D branch_4
Deleted branch branch_4 (was 46f0189).

ADMIN@DESKTOP-AR47RD9 MINGW64 ~/Documents/25174600083_NguyenYenNhi (main)
$ git branch --list
  branch_1
  branch_2
  branch_3
* main

ADMIN@DESKTOP-AR47RD9 MINGW64 ~/Documents/25174600083_NguyenYenNhi (main)
$ git branch -r
  origin/HEAD -> origin/main
  origin/branch_1
  origin/branch_2
  origin/branch_3
  origin/branch_4
  origin/main

ADMIN@DESKTOP-AR47RD9 MINGW64 ~/Documents/25174600083_NguyenYenNhi (main)
$ git pull
Already up to date.

ADMIN@DESKTOP-AR47RD9 MINGW64 ~/Documents/25174600083_NguyenYenNhi (main)
$ mkdir main_folder

ADMIN@DESKTOP-AR47RD9 MINGW64 ~/Documents/25174600083_NguyenYenNhi (main)
$ echo "Nội dung của main_txt_1.txt" > main_folder/main_txt_1.txt

ADMIN@DESKTOP-AR47RD9 MINGW64 ~/Documents/25174600083_NguyenYenNhi (main)
$ echo "Nội dung của main_txt_2.txt" > main_folder/main_txt_2.txt

ADMIN@DESKTOP-AR47RD9 MINGW64 ~/Documents/25174600083_NguyenYenNhi (main)
$ echo "Nội dung của main_txt_3.txt" > main_folder/main_txt_3.txt

ADMIN@DESKTOP-AR47RD9 MINGW64 ~/Documents/25174600083_NguyenYenNhi (main)
$ git add main_folder
warning: in the working copy of 'main_folder/main_txt_1.txt', LF will be replace
d by CRLF the next time Git touches it
warning: in the working copy of 'main_folder/main_txt_2.txt', LF will be replace
d by CRLF the next time Git touches it
warning: in the working copy of 'main_folder/main_txt_3.txt', LF will be replace
d by CRLF the next time Git touches it

ADMIN@DESKTOP-AR47RD9 MINGW64 ~/Documents/25174600083_NguyenYenNhi (main)
$ git commit -m "Thêm thư mục main_folder và 3 file txt"
[main 2d76e31] Thêm thư mục main_folder và 3 file txt
 3 files changed, 3 insertions(+)
 create mode 100644 main_folder/main_txt_1.txt
 create mode 100644 main_folder/main_txt_2.txt
 create mode 100644 main_folder/main_txt_3.txt

ADMIN@DESKTOP-AR47RD9 MINGW64 ~/Documents/25174600083_NguyenYenNhi (main)
$ git push origin main
Enumerating objects: 7, done.
Counting objects: 100% (7/7), done.
Delta compression using up to 8 threads
Compressing objects: 100% (3/3), done.
Writing objects: 100% (6/6), 536 bytes | 536.00 KiB/s, done.
Total 6 (delta 0), reused 0 (delta 0), pack-reused 0 (from 0)
To https://github.com/NguyenYenNhi-25174600083-DHKL19A4HN/25174600083_NguyenYenN
hi.git
   9583963..2d76e31  main -> main

ADMIN@DESKTOP-AR47RD9 MINGW64 ~/Documents/25174600083_NguyenYenNhi (main)
$  git checkout branch_1
Switched to branch 'branch_1'

ADMIN@DESKTOP-AR47RD9 MINGW64 ~/Documents/25174600083_NguyenYenNhi (branch_1)
$ git pull origin main
remote: Enumerating objects: 13, done.
remote: Counting objects: 100% (13/13), done.
remote: Compressing objects: 100% (8/8), done.
remote: Total 8 (delta 3), reused 0 (delta 0), pack-reused 0 (from 0)
Unpacking objects: 100% (8/8), 3.86 KiB | 304.00 KiB/s, done.
From https://github.com/NguyenYenNhi-25174600083-DHKL19A4HN/25174600083_NguyenYe
nNhi
 * branch            main       -> FETCH_HEAD
   2d76e31..921c7cb  main       -> origin/main
Updating 6eb4488..921c7cb
Fast-forward
 main_folder/main_txt_1.txt | 1 +
 main_folder/main_txt_2.txt | 1 +
 main_folder/main_txt_3.txt | 1 +
 text_branch_2.txt          | 1 +
 text_branch_3.txt          | 1 +
 text_branch_4.txt          | 1 +
 6 files changed, 6 insertions(+)
 create mode 100644 main_folder/main_txt_1.txt
 create mode 100644 main_folder/main_txt_2.txt
 create mode 100644 main_folder/main_txt_3.txt
 create mode 100644 text_branch_2.txt
 create mode 100644 text_branch_3.txt
 create mode 100644 text_branch_4.txt

ADMIN@DESKTOP-AR47RD9 MINGW64 ~/Documents/25174600083_NguyenYenNhi (branch_1)
$ git push origin branch_1
Total 0 (delta 0), reused 0 (delta 0), pack-reused 0 (from 0)
To https://github.com/NguyenYenNhi-25174600083-DHKL19A4HN/25174600083_NguyenYenN
hi.git
   6eb4488..921c7cb  branch_1 -> branch_1

ADMIN@DESKTOP-AR47RD9 MINGW64 ~/Documents/25174600083_NguyenYenNhi (branch_1)
$ git checkout branch_2
Switched to branch 'branch_2'

ADMIN@DESKTOP-AR47RD9 MINGW64 ~/Documents/25174600083_NguyenYenNhi (branch_2)
$ git pull origin main
From https://github.com/NguyenYenNhi-25174600083-DHKL19A4HN/25174600083_NguyenYe
nNhi
 * branch            main       -> FETCH_HEAD
Updating 570e719..921c7cb
Fast-forward
 main_folder/main_txt_1.txt | 1 +
 main_folder/main_txt_2.txt | 1 +
 main_folder/main_txt_3.txt | 1 +
 text_branch_1.txt          | 1 +
 text_branch_3.txt          | 1 +
 text_branch_4.txt          | 1 +
 6 files changed, 6 insertions(+)
 create mode 100644 main_folder/main_txt_1.txt
 create mode 100644 main_folder/main_txt_2.txt
 create mode 100644 main_folder/main_txt_3.txt
 create mode 100644 text_branch_1.txt
 create mode 100644 text_branch_3.txt
 create mode 100644 text_branch_4.txt

ADMIN@DESKTOP-AR47RD9 MINGW64 ~/Documents/25174600083_NguyenYenNhi (branch_2)
$ git push origin branch_2
Total 0 (delta 0), reused 0 (delta 0), pack-reused 0 (from 0)
To https://github.com/NguyenYenNhi-25174600083-DHKL19A4HN/25174600083_NguyenYenN
hi.git
   570e719..921c7cb  branch_2 -> branch_2

ADMIN@DESKTOP-AR47RD9 MINGW64 ~/Documents/25174600083_NguyenYenNhi (branch_2)
$ git checkout branch_3
Switched to branch 'branch_3'

ADMIN@DESKTOP-AR47RD9 MINGW64 ~/Documents/25174600083_NguyenYenNhi (branch_3)
$  git pull origin main
From https://github.com/NguyenYenNhi-25174600083-DHKL19A4HN/25174600083_NguyenYe
nNhi
 * branch            main       -> FETCH_HEAD
Updating 5efc344..921c7cb
Fast-forward
 main_folder/main_txt_1.txt | 1 +
 main_folder/main_txt_2.txt | 1 +
 main_folder/main_txt_3.txt | 1 +
 text_branch_1.txt          | 1 +
 text_branch_2.txt          | 1 +
 text_branch_4.txt          | 1 +
 6 files changed, 6 insertions(+)
 create mode 100644 main_folder/main_txt_1.txt
 create mode 100644 main_folder/main_txt_2.txt
 create mode 100644 main_folder/main_txt_3.txt
 create mode 100644 text_branch_1.txt
 create mode 100644 text_branch_2.txt
 create mode 100644 text_branch_4.txt

ADMIN@DESKTOP-AR47RD9 MINGW64 ~/Documents/25174600083_NguyenYenNhi (branch_3)
$ git push origin branch_3
Total 0 (delta 0), reused 0 (delta 0), pack-reused 0 (from 0)
To https://github.com/NguyenYenNhi-25174600083-DHKL19A4HN/25174600083_NguyenYenN
hi.git
   5efc344..921c7cb  branch_3 -> branch_3

ADMIN@DESKTOP-AR47RD9 MINGW64 ~/Documents/25174600083_NguyenYenNhi (branch_3)
$ git checkout branch_1
Switched to branch 'branch_1'

ADMIN@DESKTOP-AR47RD9 MINGW64 ~/Documents/25174600083_NguyenYenNhi (branch_1)
$ git checkout -b branch_5
Switched to a new branch 'branch_5'

ADMIN@DESKTOP-AR47RD9 MINGW64 ~/Documents/25174600083_NguyenYenNhi (branch_5)
$ ls
README.md     text_branch_1.txt  text_branch_3.txt
main_folder/  text_branch_2.txt  text_branch_4.txt

ADMIN@DESKTOP-AR47RD9 MINGW64 ~/Documents/25174600083_NguyenYenNhi (branch_5)
$ notepad text_branch_1.txt


ADMIN@DESKTOP-AR47RD9 MINGW64 ~/Documents/25174600083_NguyenYenNhi (branch_5)
$

ADMIN@DESKTOP-AR47RD9 MINGW64 ~/Documents/25174600083_NguyenYenNhi (branch_5)
$ git status
On branch branch_5
Changes not staged for commit:
  (use "git add <file>..." to update what will be committed)
  (use "git restore <file>..." to discard changes in working directory)
        modified:   text_branch_1.txt

no changes added to commit (use "git add" and/or "git commit -a")

ADMIN@DESKTOP-AR47RD9 MINGW64 ~/Documents/25174600083_NguyenYenNhi (branch_5)
$ it add text_branch_1.txt
bash: it: command not found

ADMIN@DESKTOP-AR47RD9 MINGW64 ~/Documents/25174600083_NguyenYenNhi (branch_5)
$ git commit -m "Chỉnh sửa nội dung file text_branch_1.txt trên branch_5"
On branch branch_5
Changes not staged for commit:
  (use "git add <file>..." to update what will be committed)
  (use "git restore <file>..." to discard changes in working directory)
        modified:   text_branch_1.txt

no changes added to commit (use "git add" and/or "git commit -a")

ADMIN@DESKTOP-AR47RD9 MINGW64 ~/Documents/25174600083_NguyenYenNhi (branch_5)
$ git commit -m "Chỉnh sửa nội dung file text_branch_1.txt trên branch_5"
On branch branch_5
Changes not staged for commit:
  (use "git add <file>..." to update what will be committed)
  (use "git restore <file>..." to discard changes in working directory)
        modified:   text_branch_1.txt

no changes added to commit (use "git add" and/or "git commit -a")

ADMIN@DESKTOP-AR47RD9 MINGW64 ~/Documents/25174600083_NguyenYenNhi (branch_5)
$ git add text_branch_1.txt

ADMIN@DESKTOP-AR47RD9 MINGW64 ~/Documents/25174600083_NguyenYenNhi (branch_5)
$ git commit -m "Chỉnh sửa nội dung file text_branch_1.txt trên branch_5"
[branch_5 366285e] Chỉnh sửa nội dung file text_branch_1.txt trên branch_5
 1 file changed, 12 insertions(+), 1 deletion(-)

ADMIN@DESKTOP-AR47RD9 MINGW64 ~/Documents/25174600083_NguyenYenNhi (branch_5)
$ git push origin branch_5
Enumerating objects: 5, done.
Counting objects: 100% (5/5), done.
Delta compression using up to 8 threads
Compressing objects: 100% (3/3), done.
Writing objects: 100% (3/3), 690 bytes | 690.00 KiB/s, done.
Total 3 (delta 1), reused 0 (delta 0), pack-reused 0 (from 0)
remote: Resolving deltas: 100% (1/1), completed with 1 local object.
remote:
remote: Create a pull request for 'branch_5' on GitHub by visiting:
remote:      https://github.com/NguyenYenNhi-25174600083-DHKL19A4HN/25174600083_
NguyenYenNhi/pull/new/branch_5
remote:
To https://github.com/NguyenYenNhi-25174600083-DHKL19A4HN/25174600083_NguyenYenN
hi.git
 * [new branch]      branch_5 -> branch_5

ADMIN@DESKTOP-AR47RD9 MINGW64 ~/Documents/25174600083_NguyenYenNhi (branch_5)
$ git branch -d branch_2
Deleted branch branch_2 (was 921c7cb).

ADMIN@DESKTOP-AR47RD9 MINGW64 ~/Documents/25174600083_NguyenYenNhi (branch_5)
$ git branch -D branch_3
Deleted branch branch_3 (was 921c7cb).

ADMIN@DESKTOP-AR47RD9 MINGW64 ~/Documents/25174600083_NguyenYenNhi (branch_5)
$ git branch -D branch_4
error: branch 'branch_4' not found

ADMIN@DESKTOP-AR47RD9 MINGW64 ~/Documents/25174600083_NguyenYenNhi (branch_5)
$ git push origin --delete branch_2
To https://github.com/NguyenYenNhi-25174600083-DHKL19A4HN/25174600083_NguyenYenN
hi.git
 - [deleted]         branch_2

ADMIN@DESKTOP-AR47RD9 MINGW64 ~/Documents/25174600083_NguyenYenNhi (branch_5)
$ git push origin --delete branch_3
To https://github.com/NguyenYenNhi-25174600083-DHKL19A4HN/25174600083_NguyenYenN
hi.git
 - [deleted]         branch_3

ADMIN@DESKTOP-AR47RD9 MINGW64 ~/Documents/25174600083_NguyenYenNhi (branch_5)
$ git push origin --delete branch_4
To https://github.com/NguyenYenNhi-25174600083-DHKL19A4HN/25174600083_NguyenYenN
hi.git
 - [deleted]         branch_4

ADMIN@DESKTOP-AR47RD9 MINGW64 ~/Documents/25174600083_NguyenYenNhi (branch_5)
$ git branch -r
  origin/HEAD -> origin/main
  origin/branch_1
  origin/branch_5
  origin/main

ADMIN@DESKTOP-AR47RD9 MINGW64 ~/Documents/25174600083_NguyenYenNhi (branch_5)
$ git checkout branch_1
Switched to branch 'branch_1'

ADMIN@DESKTOP-AR47RD9 MINGW64 ~/Documents/25174600083_NguyenYenNhi (branch_1)
$ git pull origin main
remote: Enumerating objects: 1, done.
remote: Counting objects: 100% (1/1), done.
remote: Total 1 (delta 0), reused 0 (delta 0), pack-reused 0 (from 0)
Unpacking objects: 100% (1/1), 969 bytes | 74.00 KiB/s, done.
From https://github.com/NguyenYenNhi-25174600083-DHKL19A4HN/25174600083_NguyenYe
nNhi
 * branch            main       -> FETCH_HEAD
   921c7cb..052a799  main       -> origin/main
Updating 921c7cb..052a799
Fast-forward
 text_branch_1.txt | 13 ++++++++++++-
 1 file changed, 12 insertions(+), 1 deletion(-)

ADMIN@DESKTOP-AR47RD9 MINGW64 ~/Documents/25174600083_NguyenYenNhi (branch_1)
$  git push
fatal: The current branch branch_1 has no upstream branch.
To push the current branch and set the remote as upstream, use

    git push --set-upstream origin branch_1

To have this happen automatically for branches without a tracking
upstream, see 'push.autoSetupRemote' in 'git help config'.

